mainDrag;halfDrag;fullDrag;altitude;ship:airspeed;ship:q
